// Jest Snapshot v1, https://goo.gl/fbAQLP

exports[`Row renders correctly 1`] = `
.c0 {
  display: -webkit-box;
  display: -webkit-flex;
  display: -ms-flexbox;
  display: flex;
  -webkit-flex-direction: row;
  -ms-flex-direction: row;
  flex-direction: row;
  -webkit-box-pack: center;
  -webkit-justify-content: center;
  -ms-flex-pack: center;
  justify-content: center;
  width: 100%;
  -webkit-align-items: center;
  -webkit-box-align: center;
  -ms-flex-align: center;
  align-items: center;
  padding: 3em;
}

.c0:not(:last-child) {
  padding-bottom: 1em;
}

.c0:not(:first-child) {
  padding-top: 1em;
}

@media (max-width:999px) {
  .c0 {
    -webkit-flex-wrap: wrap;
    -ms-flex-wrap: wrap;
    flex-wrap: wrap;
  }
}

<div
  className="c0"
/>
`;
